[2024-12-25 13:30:21]  Test log entry

